Running test_1_add_new_user_route
**********************************
.
----------------------------------------------------------------------
Ran 1 test in 6.060s

OK
**********************************
Running test_2_add_existent_user
**********************************
..
----------------------------------------------------------------------
Ran 2 tests in 2.256s

OK
**********************************
Running test_3_get_users_route
**********************************
.......
----------------------------------------------------------------------
Ran 7 tests in 9.484s

OK
**********************************
Running test_4_activateUser_account
**********************************
.
----------------------------------------------------------------------
Ran 1 test in 3.230s

OK
**********************************
Running test_5_login.
**********************************
./home/dementedearplug/Projects/Capstone/MJOLNIR/OdinAPI/.venv/lib/python3.7/site-packages/jwt/api_jwt.py:81: DeprecationWarning: It is strongly recommended that you pass in a value for the "algorithms" argument when calling decode(). This argument will be mandatory in a future version.
  DeprecationWarning
/home/dementedearplug/Projects/Capstone/MJOLNIR/OdinAPI/.venv/lib/python3.7/site-packages/jwt/api_jws.py:145: DeprecationWarning: It is strongly recommended that you pass in a value for the "algorithms" argument when calling decode(). This argument will be mandatory in a future version.
  DeprecationWarning
..
----------------------------------------------------------------------
Ran 3 tests in 7.024s

OK
**********************************
Running test_6_lockout
**********************************
.
----------------------------------------------------------------------
Ran 1 test in 15.833s

OK
**********************************
Running test_7_reset_invalid_password
**********************************
........
----------------------------------------------------------------------
Ran 8 tests in 3.290s

OK
**********************************
Running test_8_reset_password_route
**********************************
..
----------------------------------------------------------------------
Ran 2 tests in 4.550s

OK
**********************************
Running test_9_toggle_active_state_route
**********************************
..
----------------------------------------------------------------------
Ran 2 tests in 2.000s

OK
**********************************
Running test_10_add_get_user_permissions
**********************************
..
----------------------------------------------------------------------
Ran 2 tests in 4.616s

OK
**********************************
Running test_11_user_set_permissions
**********************************
....
----------------------------------------------------------------------
Ran 4 tests in 4.567s

OK
**********************************
Running test_12_remove_user_route
**********************************
.
----------------------------------------------------------------------
Ran 1 test in 1.206s

OK
**********************************
Running test_13_actions_on_removed_user
**********************************
.....
----------------------------------------------------------------------
Ran 5 tests in 5.140s

OK
